[bestwpware.com/html/tf/jawan-demo/index.html]
[backblue.gif]
[fade.gif]
[index.html]
[bestwpware.com/html/tf/jawan-demo/favicon.ico]
[bestwpware.com/html/tf/jawan-demo/bootstrap/css/bootstrap.min.css]
[bestwpware.com/html/tf/jawan-demo/fonts/font-awesome.min.css]
[bestwpware.com/html/tf/jawan-demo/fonts/themify-icons.css]
[bestwpware.com/html/tf/jawan-demo/css/magnific-popup.css]
[bestwpware.com/html/tf/jawan-demo/css/venobox.css]
[bestwpware.com/html/tf/jawan-demo/owlcarousel/css/owl.carousel.css]
[bestwpware.com/html/tf/jawan-demo/owlcarousel/css/owl.theme.css]
[bestwpware.com/html/tf/jawan-demo/css/base.css]
[bestwpware.com/html/tf/jawan-demo/css/style.css]
[bestwpware.com/html/tf/jawan-demo/img/fb.svg]
[bestwpware.com/html/tf/jawan-demo/img/tw.svg]
[bestwpware.com/html/tf/jawan-demo/img/pn.svg]
[bestwpware.com/html/tf/jawan-demo/img/ins.svg]
[bestwpware.com/html/tf/jawan-demo/img/profile-pic.png]
[bestwpware.com/html/tf/jawan-demo/img/service/1.jpg]
[bestwpware.com/html/tf/jawan-demo/img/service/2.jpg]
[bestwpware.com/html/tf/jawan-demo/img/service/3.jpg]
[bestwpware.com/html/tf/jawan-demo/img/service/4.jpg]
[bestwpware.com/html/tf/jawan-demo/img/img-1.jpg]
[bestwpware.com/html/tf/jawan-demo/img/img-2.jpg]
[bestwpware.com/html/tf/jawan-demo/img/img-3.jpg]
[bestwpware.com/html/tf/jawan-demo/img/img-4.jpg]
[bestwpware.com/html/tf/jawan-demo/img/portfolio/1.jpg]
[bestwpware.com/html/tf/jawan-demo/img/portfolio/2.jpg]
[bestwpware.com/html/tf/jawan-demo/img/portfolio/3.jpg]
[bestwpware.com/html/tf/jawan-demo/img/portfolio/4.jpg]
[bestwpware.com/html/tf/jawan-demo/img/portfolio/5.jpg]
[bestwpware.com/html/tf/jawan-demo/img/portfolio/6.jpg]
[bestwpware.com/html/tf/jawan-demo/img/portfolio/7.jpg]
[bestwpware.com/html/tf/jawan-demo/img/portfolio/8.jpg]
[bestwpware.com/html/tf/jawan-demo/img/portfolio/9.jpg]
[bestwpware.com/html/tf/jawan-demo/img/blog/1.jpg]
[bestwpware.com/html/tf/jawan-demo/img/blog/2.jpg]
[bestwpware.com/html/tf/jawan-demo/img/blog/3.jpg]
[bestwpware.com/cdn-cgi/scripts/5c5dd728/cloudflare-static/email-decode.min.js]
[bestwpware.com/html/tf/jawan-demo/js/jquery-1.12.4.min.js]
[bestwpware.com/html/tf/jawan-demo/bootstrap/js/bootstrap.min.js]
[bestwpware.com/html/tf/jawan-demo/js/script.js]
[bestwpware.com/html/tf/jawan-demo/js/imagesloaded.pkgd.min.js]
[bestwpware.com/html/tf/jawan-demo/js/anime.min.js]
[bestwpware.com/html/tf/jawan-demo/js/jquery.magnific-popup.min.js]
[bestwpware.com/html/tf/jawan-demo/owlcarousel/js/owl.carousel.min.js]
[bestwpware.com/html/tf/jawan-demo/js/jquery.mixitup.js]
[bestwpware.com/html/tf/jawan-demo/js/jquery.appear.js]
[bestwpware.com/html/tf/jawan-demo/js/venobox.min.js]
[bestwpware.com/html/tf/jawan-demo/js/menu.js]
[bestwpware.com/html/tf/jawan-demo/index.html]
[bestwpware.com/html/tf/jawan-demo/favicon.html]
[bestwpware.com/html/tf/jawan-demo/bootstrap/css/bootstrap.min.css]
[bestwpware.com/html/tf/jawan-demo/fonts/fontawesome-webfont3e6e.eot]
[bestwpware.com/html/tf/jawan-demo/fonts/fontawesome-webfontd41d.eot]
[bestwpware.com/html/tf/jawan-demo/fonts/fontawesome-webfont3e6e.woff2]
[bestwpware.com/html/tf/jawan-demo/fonts/fontawesome-webfont3e6e.woff]
[bestwpware.com/html/tf/jawan-demo/fonts/fontawesome-webfont3e6e.ttf]
[bestwpware.com/html/tf/jawan-demo/fonts/font-awesome.min.css]
[bestwpware.com/html/tf/jawan-demo/fonts/fontawesome-webfont3e6e.svg]
[bestwpware.com/html/tf/jawan-demo/fonts/themify9f24.eot]
[bestwpware.com/html/tf/jawan-demo/fonts/themifyd41d.eot]
[bestwpware.com/html/tf/jawan-demo/fonts/themify9f24.woff]
[bestwpware.com/html/tf/jawan-demo/fonts/themify9f24.ttf]
[bestwpware.com/html/tf/jawan-demo/fonts/themify-icons.css]
[bestwpware.com/html/tf/jawan-demo/css/magnific-popup.css]
[bestwpware.com/html/tf/jawan-demo/css/venobox.css]
[bestwpware.com/html/tf/jawan-demo/fonts/themify9f24.svg]
[bestwpware.com/html/tf/jawan-demo/owlcarousel/css/grabbing.png]
[bestwpware.com/html/tf/jawan-demo/owlcarousel/css/owl.carousel.css]
[bestwpware.com/html/tf/jawan-demo/owlcarousel/css/AjaxLoader.gif]
[bestwpware.com/html/tf/jawan-demo/owlcarousel/css/owl.theme.css]
[bestwpware.com/html/tf/jawan-demo/css/base.css]
[bestwpware.com/html/tf/jawan-demo/img/bg.jpg]
[bestwpware.com/html/tf/jawan-demo/css/style.css]
[bestwpware.com/html/tf/jawan-demo/img/fb.svg]
[bestwpware.com/html/tf/jawan-demo/img/tw.svg]
[bestwpware.com/html/tf/jawan-demo/img/pn.svg]
[bestwpware.com/html/tf/jawan-demo/img/ins.svg]
[bestwpware.com/html/tf/jawan-demo/js/jquery.mixitup.html]
[bestwpware.com/html/tf/jawan-demo/fonts/fontawesome-webfont3e6e.svg]
[bestwpware.com/html/tf/jawan-demo/fonts/themify9f24.svg]
[bestwpware.com/html/tf/jawan-demo/owlcarousel/css/grabbing.html]
[bestwpware.com/html/tf/jawan-demo/owlcarousel/css/AjaxLoader.html]
